
T10796b.hs:8:15: error: [GHC-87897]
    • Exception when trying to run compile-time code:
        Can't construct a pattern from name Data.Set.Internal.fromList
CallStack (from HasCallStack):
  error, called at libraries/template-haskell/Language/Haskell/TH/Lib/Syntax.hs:1539:22 in template-haskell:Language.Haskell.TH.Lib.Syntax
      Code: (dataToPatQ (const Nothing) (fromList "test"))
    • In the untyped splice:
        $(dataToPatQ (const Nothing) (fromList "test"))
